###############################################################################
#
# IAR ELF Linker V3.10.1.201 for STM8                     21/Apr/2018  13:26:42
# Copyright 2010-2017 IAR Systems AB.
#
#    Output file  =  
#        E:\Thay Toan vxl\Cua Bico\Xe_Phun_Thuoc\option
#        2\Xe_Phun_Thuoc\Debug\Exe\STM8_IAR_C++.out
#    Map file     =  
#        E:\Thay Toan vxl\Cua Bico\Xe_Phun_Thuoc\option
#        2\Xe_Phun_Thuoc\Debug\List\STM8_IAR_C++.map
#    Command line =  
#        -f C:\Users\Bico\AppData\Local\Temp\EW95CC.tmp ("E:\Thay Toan vxl\Cua
#        Bico\Xe_Phun_Thuoc\option 2\Xe_Phun_Thuoc\Debug\Obj\Algebra_Math.o"
#        "E:\Thay Toan vxl\Cua Bico\Xe_Phun_Thuoc\option
#        2\Xe_Phun_Thuoc\Debug\Obj\ArduinoStyle.o" "E:\Thay Toan vxl\Cua
#        Bico\Xe_Phun_Thuoc\option
#        2\Xe_Phun_Thuoc\Debug\Obj\Bico_STM8_Analog.o" "E:\Thay Toan vxl\Cua
#        Bico\Xe_Phun_Thuoc\option
#        2\Xe_Phun_Thuoc\Debug\Obj\Bico_STM8_Eeprom.o" "E:\Thay Toan vxl\Cua
#        Bico\Xe_Phun_Thuoc\option 2\Xe_Phun_Thuoc\Debug\Obj\Bico_STM8_Exti.o"
#        "E:\Thay Toan vxl\Cua Bico\Xe_Phun_Thuoc\option
#        2\Xe_Phun_Thuoc\Debug\Obj\Bico_STM8_Generic.o" "E:\Thay Toan vxl\Cua
#        Bico\Xe_Phun_Thuoc\option 2\Xe_Phun_Thuoc\Debug\Obj\Bico_STM8_Gpio.o"
#        "E:\Thay Toan vxl\Cua Bico\Xe_Phun_Thuoc\option
#        2\Xe_Phun_Thuoc\Debug\Obj\Bico_STM8_PWM.o" "E:\Thay Toan vxl\Cua
#        Bico\Xe_Phun_Thuoc\option
#        2\Xe_Phun_Thuoc\Debug\Obj\Bico_STM8_Serial.o" "E:\Thay Toan vxl\Cua
#        Bico\Xe_Phun_Thuoc\option 2\Xe_Phun_Thuoc\Debug\Obj\Bico_STM8_Servo.o"
#        "E:\Thay Toan vxl\Cua Bico\Xe_Phun_Thuoc\option
#        2\Xe_Phun_Thuoc\Debug\Obj\Bico_STM8_Spi.o" "E:\Thay Toan vxl\Cua
#        Bico\Xe_Phun_Thuoc\option 2\Xe_Phun_Thuoc\Debug\Obj\Bico_STM8_Wire.o"
#        "E:\Thay Toan vxl\Cua Bico\Xe_Phun_Thuoc\option
#        2\Xe_Phun_Thuoc\Debug\Obj\DS1307.o" "E:\Thay Toan vxl\Cua
#        Bico\Xe_Phun_Thuoc\option 2\Xe_Phun_Thuoc\Debug\Obj\L293D.o" "E:\Thay
#        Toan vxl\Cua Bico\Xe_Phun_Thuoc\option
#        2\Xe_Phun_Thuoc\Debug\Obj\Logic_Math.o" "E:\Thay Toan vxl\Cua
#        Bico\Xe_Phun_Thuoc\option 2\Xe_Phun_Thuoc\Debug\Obj\main.o" "E:\Thay
#        Toan vxl\Cua Bico\Xe_Phun_Thuoc\option
#        2\Xe_Phun_Thuoc\Debug\Obj\stm8s_adc1.o" "E:\Thay Toan vxl\Cua
#        Bico\Xe_Phun_Thuoc\option 2\Xe_Phun_Thuoc\Debug\Obj\stm8s_awu.o"
#        "E:\Thay Toan vxl\Cua Bico\Xe_Phun_Thuoc\option
#        2\Xe_Phun_Thuoc\Debug\Obj\stm8s_beep.o" "E:\Thay Toan vxl\Cua
#        Bico\Xe_Phun_Thuoc\option 2\Xe_Phun_Thuoc\Debug\Obj\stm8s_clk.o"
#        "E:\Thay Toan vxl\Cua Bico\Xe_Phun_Thuoc\option
#        2\Xe_Phun_Thuoc\Debug\Obj\stm8s_exti.o" "E:\Thay Toan vxl\Cua
#        Bico\Xe_Phun_Thuoc\option 2\Xe_Phun_Thuoc\Debug\Obj\stm8s_flash.o"
#        "E:\Thay Toan vxl\Cua Bico\Xe_Phun_Thuoc\option
#        2\Xe_Phun_Thuoc\Debug\Obj\stm8s_gpio.o" "E:\Thay Toan vxl\Cua
#        Bico\Xe_Phun_Thuoc\option 2\Xe_Phun_Thuoc\Debug\Obj\stm8s_i2c.o"
#        "E:\Thay Toan vxl\Cua Bico\Xe_Phun_Thuoc\option
#        2\Xe_Phun_Thuoc\Debug\Obj\stm8s_itc.o" "E:\Thay Toan vxl\Cua
#        Bico\Xe_Phun_Thuoc\option 2\Xe_Phun_Thuoc\Debug\Obj\stm8s_iwdg.o"
#        "E:\Thay Toan vxl\Cua Bico\Xe_Phun_Thuoc\option
#        2\Xe_Phun_Thuoc\Debug\Obj\stm8s_rst.o" "E:\Thay Toan vxl\Cua
#        Bico\Xe_Phun_Thuoc\option 2\Xe_Phun_Thuoc\Debug\Obj\stm8s_spi.o"
#        "E:\Thay Toan vxl\Cua Bico\Xe_Phun_Thuoc\option
#        2\Xe_Phun_Thuoc\Debug\Obj\stm8s_tim1.o" "E:\Thay Toan vxl\Cua
#        Bico\Xe_Phun_Thuoc\option 2\Xe_Phun_Thuoc\Debug\Obj\stm8s_tim2.o"
#        "E:\Thay Toan vxl\Cua Bico\Xe_Phun_Thuoc\option
#        2\Xe_Phun_Thuoc\Debug\Obj\stm8s_tim4.o" "E:\Thay Toan vxl\Cua
#        Bico\Xe_Phun_Thuoc\option 2\Xe_Phun_Thuoc\Debug\Obj\stm8s_uart1.o"
#        "E:\Thay Toan vxl\Cua Bico\Xe_Phun_Thuoc\option
#        2\Xe_Phun_Thuoc\Debug\Obj\stm8s_wwdg.o" --redirect
#        _Printf=_PrintfFullNoMb --redirect _Scanf=_ScanfFullNoMb -o "E:\Thay
#        Toan vxl\Cua Bico\Xe_Phun_Thuoc\option
#        2\Xe_Phun_Thuoc\Debug\Exe\STM8_IAR_C++.out" --map "E:\Thay Toan
#        vxl\Cua Bico\Xe_Phun_Thuoc\option
#        2\Xe_Phun_Thuoc\Debug\List\STM8_IAR_C++.map" --config "C:\Program
#        Files (x86)\IAR Systems\Embedded Workbench
#        8.0\stm8\config\lnkstm8s103f3.icf" --config_def _CSTACK_SIZE=0x200
#        --config_def _HEAP_SIZE=0x1000 --entry __iar_program_start
#        --debug_lib)
#
###############################################################################

*******************************************************************************
*** RUNTIME MODEL ATTRIBUTES
***

__SystemLibrary            = DLib
__code_model               = small
__core                     = stm8
__data_model               = medium
__dlib_file_descriptor     = 0
__dlib_full_locale_support = 0
__rt_version               = 4


*******************************************************************************
*** PLACEMENT SUMMARY
***

"A0":  place at start of [0x000000-0x0000ff] { rw section .vregs };
"A1":  place at end of [0x000000-0x0003ff] { block CSTACK };
"P2":  place in [from 0x000000 to 0x0003ff] {
          block HEAP, rw section __DLIB_PERTHREAD, rw section .far.bss,
          rw section .far.data, rw section .far.noinit,
          rw section .far_func.textrw, rw section .huge.bss,
          rw section .huge.data, rw section .huge.noinit,
          rw section .huge_func.textrw, rw section .iar.dynexit,
          rw section .near.bss, rw section .near.data, rw section .near.noinit,
          rw section .near_func.textrw };
"A2":  place at start of [0x008000-0x009fff] { block INTVEC };
"P3":  place in [from 0x008000 to 0x009fff] {
          ro section __DLIB_PERTHREAD_init, ro section .far.data_init,
          ro section .far_func.textrw_init, ro section .huge.data_init,
          ro section .huge_func.textrw_init, ro section .iar.init_table,
          ro section .init_array, ro section .near.data_init,
          ro section .near.rodata, ro section .near_func.text,
          ro section .near_func.textrw_init, ro section .tiny.data_init,
          ro section .tiny.rodata_init };
"P4":  place in [from 0x008000 to 0x009fff] {
          ro section .far.rodata, ro section .far_func.text };
"P5":  place in [from 0x008000 to 0x009fff] {
          ro section .huge.rodata, ro section .huge_func.text };
do not initialize {
   rw section .eeprom.noinit, rw section .far.noinit, rw section .huge.noinit,
   rw section .near.noinit, rw section .tiny.noinit, rw section .vregs };
initialize by copy {
   rw section .far.bss, rw section .far.data, rw section .far_func.textrw,
   rw section .huge.bss, rw section .huge.data, rw section .huge_func.textrw,
   rw section .iar.dynexit, rw section .near.bss, rw section .near.data,
   rw section .near_func.textrw, rw section .tiny.bss, rw section .tiny.data,
   ro section .tiny.rodata };

  Section             Kind      Address    Size  Object
  -------             ----      -------    ----  ------
"A0":                                      0x10
  .vregs              uninit   0x000000    0x10  vregs.o [4]
                             - 0x000010    0x10

"P2", part 1 of 2:                          0x7
  P2-1                         0x000010     0x7  <Init block>
    .near.data        inited   0x000010     0x1  ArduinoStyle.o [1]
    .near.data        inited   0x000011     0x1  ArduinoStyle.o [1]
    .near.data        inited   0x000012     0x1  ArduinoStyle.o [1]
    .near.data        inited   0x000013     0x1  ArduinoStyle.o [1]
    .near.data        inited   0x000014     0x1  Bico_STM8_PWM.o [1]
    .near.data        inited   0x000015     0x2  Bico_STM8_PWM.o [1]
                             - 0x000017     0x7

"P2", part 2 of 2:                         0x71
  .near.bss           zero     0x000017    0x20  Bico_STM8_Wire.o [1]
  .near.bss           zero     0x000037    0x20  Bico_STM8_Wire.o [1]
  .near.bss           zero     0x000057    0x14  Bico_STM8_Serial.o [1]
  .near.bss           zero     0x00006b     0x5  ArduinoStyle.o [1]
  .near.bss           zero     0x000070     0x4  ArduinoStyle.o [1]
  .near.bss           zero     0x000074     0x4  ArduinoStyle.o [1]
  .near.bss           zero     0x000078     0x2  ArduinoStyle.o [1]
  .near.bss           zero     0x00007a     0x2  Bico_STM8_Exti.o [1]
  .near.bss           zero     0x00007c     0x2  Bico_STM8_Exti.o [1]
  .near.bss           zero     0x00007e     0x2  Bico_STM8_Wire.o [1]
  .near.bss           zero     0x000080     0x1  ArduinoStyle.o [1]
  .near.bss           zero     0x000081     0x1  ArduinoStyle.o [1]
  .near.bss           zero     0x000082     0x1  Bico_STM8_Eeprom.o [1]
  .near.bss           zero     0x000083     0x1  Bico_STM8_Wire.o [1]
  .near.bss           zero     0x000084     0x1  Bico_STM8_Wire.o [1]
  .near.bss           zero     0x000085     0x1  Bico_STM8_Wire.o [1]
  .near.bss           zero     0x000086     0x1  Bico_STM8_Wire.o [1]
  .near.bss           zero     0x000087     0x1  Bico_STM8_Wire.o [1]
                             - 0x000088    0x71

"A1":                                     0x200
  CSTACK                       0x000200   0x200  <Block>
    CSTACK            uninit   0x000200   0x200  <Block tail>
                             - 0x000400   0x200

"A2":                                      0x80
  INTVEC                       0x008000    0x80  <Block>
    .intvec           const    0x008000    0x80  interrupt.o [4]
                             - 0x008080    0x80

"P3-P5":                                 0x1a33
  .near_func.text     ro code  0x008080   0x577  ArduinoStyle.o [1]
  .near_func.text     ro code  0x0085f7   0x202  long.o [4]
  .near_func.text     ro code  0x0087f9   0x187  ArduinoStyle.o [1]
  .near_func.text     ro code  0x008980   0x16e  Bico_STM8_Serial.o [1]
  .near_func.text     ro code  0x008aee   0x134  stm8s_uart1.o [1]
  .near_func.text     ro code  0x008c22    0xff  vreg_util.o [4]
  .near_func.text     ro code  0x008d21    0xb9  Bico_STM8_PWM.o [1]
  .near_func.text     ro code  0x008dda    0x8e  stm8s_gpio.o [1]
  .near_func.text     ro code  0x008e68    0x71  stm8s_exti.o [1]
  .near_func.text     ro code  0x008ed9    0x6c  stm8s_uart1.o [1]
  .near_func.text     ro code  0x008f45    0x66  Bico_STM8_Exti.o [1]
  .near_func.text     ro code  0x008fab    0x59  stm8s_tim2.o [1]
  .near_func.text     ro code  0x009004    0x57  stm8s_clk.o [1]
  .near_func.text     ro code  0x00905b    0x54  ArduinoStyle.o [1]
  .near_func.text     ro code  0x0090af    0x4c  Bico_STM8_Gpio.o [1]
  .near_func.text     ro code  0x0090fb    0x49  Bico_STM8_Gpio.o [1]
  .near_func.text     ro code  0x009144    0x49  L293D.o [1]
  .near_func.text     ro code  0x00918d    0x47  long_util.o [4]
  .near_func.text     ro code  0x0091d4    0x44  ArduinoStyle.o [1]
  .near_func.text     ro code  0x009218    0x44  ArduinoStyle.o [1]
  .near_func.text     ro code  0x00925c    0x42  ArduinoStyle.o [1]
  .near_func.text     ro code  0x00929e    0x3f  L293D.o [1]
  .near_func.text     ro code  0x0092dd    0x3e  L293D.o [1]
  .near_func.text     ro code  0x00931b    0x3e  L293D.o [1]
  .near_func.text     ro code  0x009359    0x3c  Bico_STM8_Serial.o [1]
  .near_func.text     ro code  0x009395    0x3b  Bico_STM8_Wire.o [1]
  .near_func.text     ro code  0x0093d0    0x39  Bico_STM8_Wire.o [1]
  .near_func.text     ro code  0x009409    0x39  L293D.o [1]
  .near_func.text     ro code  0x009442    0x32  Bico_STM8_Gpio.o [1]
  .near_func.text     ro code  0x009474    0x32  stm8s_uart1.o [1]
  .near_func.text     ro code  0x0094a6    0x32  short.o [4]
  .near_func.text     ro code  0x0094d8    0x31  L293D.o [1]
  .near_func.text     ro code  0x009509    0x31  stm8s_tim2.o [1]
  .near_func.text     ro code  0x00953a    0x31  stm8s_tim2.o [1]
  .near_func.text     ro code  0x00956b    0x31  stm8s_tim2.o [1]
  .near_func.text     ro code  0x00959c    0x2c  Bico_STM8_Serial.o [1]
  .near_func.text     ro code  0x0095c8    0x2c  Bico_STM8_Serial.o [1]
  .near_func.text     ro code  0x0095f4    0x2b  Bico_STM8_Serial.o [1]
  .near_func.text     ro code  0x00961f    0x29  Algebra_Math.o [1]
  .near_func.text     ro code  0x009648    0x29  ArduinoStyle.o [1]
  .near_func.text     ro code  0x009671    0x28  Algebra_Math.o [1]
  .near_func.text     ro code  0x009699    0x28  init_small.o [4]
  .near_func.text     ro code  0x0096c1    0x27  Bico_STM8_Wire.o [1]
  .near_func.text     ro code  0x0096e8    0x25  dc_util.o [4]
  .near_func.text     ro code  0x00970d    0x23  L293D.o [1]
  .near_func.text     ro code  0x009730    0x22  Algebra_Math.o [1]
  .iar.init_table     const    0x009752    0x12  - Linker created -
  .near_func.text     ro code  0x009764    0x20  Bico_STM8_Exti.o [1]
  .near_func.text     ro code  0x009784    0x20  Bico_STM8_Exti.o [1]
  .near_func.text     ro code  0x0097a4    0x1e  init_small.o [4]
  .near_func.text     ro code  0x0097c2    0x1d  cstartup.o [4]
  .near_func.text     ro code  0x0097df    0x1d  cppinit.o [4]
  .near_func.text     ro code  0x0097fc    0x1c  Bico_STM8_Gpio.o [1]
  .near_func.text     ro code  0x009818    0x1a  Bico_STM8_Generic.o [1]
  .near_func.text     ro code  0x009832    0x19  Bico_STM8_Gpio.o [1]
  .near_func.text     ro code  0x00984b    0x19  Bico_STM8_Wire.o [1]
  .near_func.text     ro code  0x009864    0x18  Bico_STM8_Exti.o [1]
  .near.rodata        const    0x00987c    0x16  ArduinoStyle.o [1]
  .near_func.text     ro code  0x009892    0x16  Bico_STM8_Eeprom.o [1]
  .near_func.text     ro code  0x0098a8    0x16  Bico_STM8_Wire.o [1]
  .near_func.text     ro code  0x0098be    0x16  stm8s_flash.o [1]
  .near.rodata        const    0x0098d4    0x15  ArduinoStyle.o [1]
  .near_func.text     ro code  0x0098e9    0x15  Bico_STM8_Serial.o [1]
  .near_func.text     ro code  0x0098fe    0x15  Bico_STM8_Wire.o [1]
  .near.rodata        const    0x009913    0x14  Bico_STM8_Wire.o [1]
  .near_func.text     ro code  0x009927    0x14  ArduinoStyle.o [1]
  .near_func.text     ro code  0x00993b    0x14  Bico_STM8_Eeprom.o [1]
  .near_func.text     ro code  0x00994f    0x14  Bico_STM8_Generic.o [1]
  .near_func.text     ro code  0x009963    0x14  init.o [4]
  .near_func.text     ro code  0x009977    0x14  __dbg_xxexit.o [3]
  .near_func.text     ro code  0x00998b    0x13  stm8s_clk.o [1]
  .near_func.text     ro code  0x00999e    0x11  Bico_STM8_Wire.o [1]
  .near_func.text     ro code  0x0099af    0x10  main.o [1]
  .near_func.text     ro code  0x0099bf     0xf  stm8s_uart1.o [1]
  .near.rodata        const    0x0099ce     0xe  ArduinoStyle.o [1]
  .near.rodata        const    0x0099dc     0xe  ArduinoStyle.o [1]
  .near.rodata        const    0x0099ea     0xd  ArduinoStyle.o [1]
  .near_func.text     ro code  0x0099f7     0xd  DS1307.o [1]
  .near_func.text     ro code  0x009a04     0xd  stm8s_clk.o [1]
  .near_func.text     ro code  0x009a11     0xd  stm8s_tim2.o [1]
  .near_func.text     ro code  0x009a1e     0xd  stm8s_uart1.o [1]
  .near_func.text     ro code  0x009a2b     0xc  Bico_STM8_Wire.o [1]
  .near_func.text     ro code  0x009a37     0xc  stm8s_tim2.o [1]
  .near.rodata        const    0x009a43     0xb  ArduinoStyle.o [1]
  .near_func.text     ro code  0x009a4e     0x9  Bico_STM8_Generic.o [1]
  .near_func.text     ro code  0x009a57     0x8  Algebra_Math.o [1]
  .near_func.text     ro code  0x009a5f     0x7  stm8s_gpio.o [1]
  .near_func.text     ro code  0x009a66     0x7  stm8s_gpio.o [1]
  Initializer bytes   const    0x009a6d     0x7  <for P2-1>
  .near_func.text     ro code  0x009a74     0x6  char.o [4]
  .near.rodata        const    0x009a7a     0x5  ArduinoStyle.o [1]
  .near_func.text     ro code  0x009a7f     0x5  cexit.o [4]
  .near.rodata        const    0x009a84     0x4  stm8s_clk.o [1]
  .near_func.text     ro code  0x009a88     0x4  stm8s_flash.o [1]
  .near_func.text     ro code  0x009a8c     0x4  stm8s_flash.o [1]
  .near_func.text     ro code  0x009a90     0x4  stm8s_gpio.o [1]
  .near_func.text     ro code  0x009a94     0x4  stm8s_uart1.o [1]
  .near_func.text     ro code  0x009a98     0x4  stm8s_uart1.o [1]
  SHT$$PREINIT_ARRAY           0x009a9c     0x0  <Block>
  SHT$$INIT_ARRAY              0x009a9c     0x4  <Block>
    .difunct          const    0x009a9c     0x2  ArduinoStyle.o [1]
    .difunct          const    0x009a9e     0x2  Bico_STM8_Wire.o [1]
  .near.rodata        const    0x009aa0     0x3  Bico_STM8_Serial.o [1]
  .near_func.text     ro code  0x009aa3     0x3  interrupt.o [4]
  .near_func.text     ro code  0x009aa6     0x3  low_level_init.o [4]
  .near_func.text     ro code  0x009aa9     0x3  exit.o [4]
  .near_func.text     ro code  0x009aac     0x3  unhandled_exception.o [4]
  .near_func.text     ro code  0x009aaf     0x2  Bico_STM8_Generic.o [1]
  .near_func.text     ro code  0x009ab1     0x1  Bico_STM8_Wire.o [1]
  .near_func.text     ro code  0x009ab2     0x1  __dbg_break.o [3]
                             - 0x009ab3  0x1a33


*******************************************************************************
*** INIT TABLE
***

          Address   Size
          -------   ----
Zero (__iar_zero_init2)
    1 destination range, total size 0x71:
          0x000017  0x71

Copy (__iar_copy_init2)
    1 source range, total size 0x7:
          0x009a6d   0x7
    1 destination range, total size 0x7:
          0x000010   0x7



*******************************************************************************
*** MODULE SUMMARY
***

    Module                 ro code  ro data  rw data
    ------                 -------  -------  -------
E:\Thay Toan vxl\Cua Bico\Xe_Phun_Thuoc\option 2\Xe_Phun_Thuoc\Debug\Obj: [1]
    Algebra_Math.o             123
    ArduinoStyle.o           2 137      106       21
    Bico_STM8_Eeprom.o          42                 1
    Bico_STM8_Exti.o           190                 4
    Bico_STM8_Generic.o         57
    Bico_STM8_Gpio.o           252
    Bico_STM8_PWM.o            185        3        3
    Bico_STM8_Serial.o         578        3       20
    Bico_STM8_Wire.o           253       22       71
    DS1307.o                    13
    L293D.o                    401
    main.o                      16
    stm8s_clk.o                119        4
    stm8s_exti.o               113
    stm8s_flash.o               30
    stm8s_gpio.o               160
    stm8s_tim2.o               261
    stm8s_uart1.o              502
    ------------------------------------------------
    Total:                   5 432      138      120

command line: [2]
    ------------------------------------------------
    Total:

dbgstm8smd.a: [3]
    __dbg_break.o                1
    __dbg_xxexit.o              20
    ------------------------------------------------
    Total:                      21

dlstm8smn.a: [4]
    cexit.o                      5
    char.o                       6
    cppinit.o                   29
    cstartup.o                  29
    dc_util.o                   37
    exit.o                       3
    init.o                      20
    init_small.o                70
    interrupt.o                  3      128
    long.o                     514
    long_util.o                 71
    low_level_init.o             3
    short.o                     50
    unhandled_exception.o        3
    vreg_util.o                255
    vregs.o                                       16
    ------------------------------------------------
    Total:                   1 098      128       16

    Linker created                       18      512
----------------------------------------------------
    Grand Total:             6 551      284      648


*******************************************************************************
*** ENTRY LIST
***

Entry                    Address   Size  Type      Object
-----                    -------   ----  ----      ------
.iar.init_table$$Base   0x009752          --   Gb  - Linker created -
.iar.init_table$$Limit  0x009764          --   Gb  - Linker created -
??call_ctors            0x0097cf         Code  Gb  cstartup.o [4]
?add32_l0_l0_0x         0x00861a         Code  Gb  long.o [4]
?b0                     0x000000         Data  Gb  vregs.o [4]
?b1                     0x000001         Data  Gb  vregs.o [4]
?b10                    0x00000a         Data  Gb  vregs.o [4]
?b11                    0x00000b         Data  Gb  vregs.o [4]
?b12                    0x00000c         Data  Gb  vregs.o [4]
?b13                    0x00000d         Data  Gb  vregs.o [4]
?b14                    0x00000e         Data  Gb  vregs.o [4]
?b15                    0x00000f         Data  Gb  vregs.o [4]
?b2                     0x000002         Data  Gb  vregs.o [4]
?b3                     0x000003         Data  Gb  vregs.o [4]
?b4                     0x000004         Data  Gb  vregs.o [4]
?b5                     0x000005         Data  Gb  vregs.o [4]
?b6                     0x000006         Data  Gb  vregs.o [4]
?b7                     0x000007         Data  Gb  vregs.o [4]
?b8                     0x000008         Data  Gb  vregs.o [4]
?b9                     0x000009         Data  Gb  vregs.o [4]
?dc32_l0                0x0096e8         Code  Gb  dc_util.o [4]
?dc32_l1                0x0096f5         Code  Gb  dc_util.o [4]
?dc32_px                0x009702         Code  Gb  dc_util.o [4]
?e0                     0x000001         Data  Gb  vregs.o [4]
?e1                     0x000005         Data  Gb  vregs.o [4]
?e2                     0x000009         Data  Gb  vregs.o [4]
?e3                     0x00000d         Data  Gb  vregs.o [4]
?epilogue_l2            0x008cbd         Code  Gb  vreg_util.o [4]
?epilogue_l2_l3         0x008cba         Code  Gb  vreg_util.o [4]
?epilogue_l2_w6         0x008cc1         Code  Gb  vreg_util.o [4]
?epilogue_w4            0x008cc8         Code  Gb  vreg_util.o [4]
?inc32_0x_0x            0x00860c         Code  Gb  long.o [4]
?inc32_l0_l0            0x008607         Code  Gb  long.o [4]
?l0                     0x000000         Data  Gb  vregs.o [4]
?l1                     0x000004         Data  Gb  vregs.o [4]
?l2                     0x000008         Data  Gb  vregs.o [4]
?l3                     0x00000c         Data  Gb  vregs.o [4]
?load32_0x_l0           0x0091c6         Code  Gb  long_util.o [4]
?load32_asp_l0          0x0091ba         Code  Gb  long_util.o [4]
?load32_dbsp_l0         0x0091b5         Code  Gb  long_util.o [4]
?load32_l0_0x           0x00919d         Code  Gb  long_util.o [4]
?load32_l0_asp          0x009192         Code  Gb  long_util.o [4]
?load32_l0_dbsp         0x00918d         Code  Gb  long_util.o [4]
?load32_l0_xsp          0x009194         Code  Gb  long_util.o [4]
?load32_l1_0x           0x0091a9         Code  Gb  long_util.o [4]
?load32_xsp_l0          0x0091bc         Code  Gb  long_util.o [4]
?mov_e0_e2              0x008cd6         Code  Gb  vreg_util.o [4]
?mov_e0_e3              0x008ce3         Code  Gb  vreg_util.o [4]
?mov_e1_e0              0x008cf0         Code  Gb  vreg_util.o [4]
?mov_e1_e2              0x008cfd         Code  Gb  vreg_util.o [4]
?mov_e2_e0              0x008d0a         Code  Gb  vreg_util.o [4]
?mov_e3_e0              0x008d17         Code  Gb  vreg_util.o [4]
?mov_l0_l2              0x008cd3         Code  Gb  vreg_util.o [4]
?mov_l0_l3              0x008ce0         Code  Gb  vreg_util.o [4]
?mov_l1_l0              0x008ced         Code  Gb  vreg_util.o [4]
?mov_l1_l2              0x008cfa         Code  Gb  vreg_util.o [4]
?mov_l2_l0              0x008d07         Code  Gb  vreg_util.o [4]
?mov_l3_l0              0x008d14         Code  Gb  vreg_util.o [4]
?mov_w1_w5              0x008cd9         Code  Gb  vreg_util.o [4]
?mov_w1_w7              0x008ce6         Code  Gb  vreg_util.o [4]
?mov_w3_w1              0x008cf3         Code  Gb  vreg_util.o [4]
?mov_w3_w5              0x008d00         Code  Gb  vreg_util.o [4]
?mov_w5_w1              0x008d0d         Code  Gb  vreg_util.o [4]
?mov_w6_w0              0x008ccc         Code  Gb  vreg_util.o [4]
?mov_w7_w1              0x008d1a         Code  Gb  vreg_util.o [4]
?mul16_x_x_w0           0x0094a6         Code  Gb  short.o [4]
?mul32_l0_l0_0x         0x008650         Code  Gb  long.o [4]
?mul32_l0_l0_dl         0x00864d         Code  Gb  long.o [4]
?mul32_l0_l0_l1         0x008659         Code  Gb  long.o [4]
?neg32_l0_l0            0x0085f7         Code  Gb  long.o [4]
?or32_l0_l0_0x          0x0087b4         Code  Gb  long.o [4]
?or32_l0_l0_l1          0x0087b1         Code  Gb  long.o [4]
?pop_l0                 0x008c86         Code  Gb  vreg_util.o [4]
?pop_l1                 0x008c91         Code  Gb  vreg_util.o [4]
?pop_l2                 0x008c9c         Code  Gb  vreg_util.o [4]
?pop_l3                 0x008ca7         Code  Gb  vreg_util.o [4]
?pop_w4                 0x008c3f         Code  Gb  vreg_util.o [4]
?pop_w6                 0x008c46         Code  Gb  vreg_util.o [4]
?push_l0                0x008c55         Code  Gb  vreg_util.o [4]
?push_l1                0x008c5a         Code  Gb  vreg_util.o [4]
?push_l2                0x008c5f         Code  Gb  vreg_util.o [4]
?push_l3                0x008c64         Code  Gb  vreg_util.o [4]
?push_w4                0x008c22         Code  Gb  vreg_util.o [4]
?push_w6                0x008c27         Code  Gb  vreg_util.o [4]
?scmp32_c_l0_l1         0x00879a         Code  Gb  long.o [4]
?sdiv32_l0_l0_dl        0x008751         Code  Gb  long.o [4]
?sdiv32_l0_l0_l1        0x008754         Code  Gb  long.o [4]
?sext16_x_a             0x0094d1         Code  Gb  short.o [4]
?sext32_l0_x            0x0087ee         Code  Gb  long.o [4]
?sll16_x_x_a            0x0094c4         Code  Gb  short.o [4]
?sll32_0x_0x_a          0x0087cf         Code  Gb  long.o [4]
?sll32_l0_l0_a          0x0087cc         Code  Gb  long.o [4]
?sll8_a_a_5             0x009a75         Code  Gb  char.o [4]
?sll8_a_a_6             0x009a74         Code  Gb  char.o [4]
?smod32_l1_l0_dl        0x00874c         Code  Gb  long.o [4]
?smod32_l1_l0_l1        0x008754         Code  Gb  long.o [4]
?sra32_0x_0x_a          0x0087e0         Code  Gb  long.o [4]
?sra32_l0_l0_a          0x0087dd         Code  Gb  long.o [4]
?srl16_x_x_4            0x0094cc         Code  Gb  short.o [4]
?sub32_l0_l0_0x         0x008635         Code  Gb  long.o [4]
?sub32_l0_l0_l1         0x008632         Code  Gb  long.o [4]
?udiv32_l0_dl_l1        0x0086d7         Code  Gb  long.o [4]
?udiv32_l0_l0_dl        0x0086dc         Code  Gb  long.o [4]
?udiv32_l0_l0_l1        0x0086df         Code  Gb  long.o [4]
?umod32_l1_l0_l1        0x0086df         Code  Gb  long.o [4]
?w0                     0x000000         Data  Gb  vregs.o [4]
?w1                     0x000002         Data  Gb  vregs.o [4]
?w2                     0x000004         Data  Gb  vregs.o [4]
?w3                     0x000006         Data  Gb  vregs.o [4]
?w4                     0x000008         Data  Gb  vregs.o [4]
?w5                     0x00000a         Data  Gb  vregs.o [4]
?w6                     0x00000c         Data  Gb  vregs.o [4]
?w7                     0x00000e         Data  Gb  vregs.o [4]
CLK_GetClockFreq()      0x009004   0x57  Code  Gb  stm8s_clk.o [1]
CLK_HSICmd(FunctionalState)
                        0x009a04    0xd  Code  Gb  stm8s_clk.o [1]
CLK_HSIPrescalerConfig(CLK_Prescaler_TypeDef)
                        0x00998b   0x13  Code  Gb  stm8s_clk.o [1]
CSTACK$$Base            0x000200          --   Gb  - Linker created -
CSTACK$$Limit           0x000400          --   Gb  - Linker created -
Data_EEPROM::read(unsigned short)
                        0x009892   0x16  Code  Gb  Bico_STM8_Eeprom.o [1]
Data_EEPROM::write(unsigned short, unsigned char)
                        0x00993b   0x14  Code  Gb  Bico_STM8_Eeprom.o [1]
EEPROM                  0x000082    0x1  Data  Gb  Bico_STM8_Eeprom.o [1]
EXIT_C7                 0x00007a    0x2  Data  Gb  Bico_STM8_Exti.o [1]
EXIT_D1                 0x00007c    0x2  Data  Gb  Bico_STM8_Exti.o [1]
EXIT_PORTC_ISR()        0x009764   0x20  Code  Gb  Bico_STM8_Exti.o [1]
EXIT_PORTD_ISR()        0x009784   0x20  Code  Gb  Bico_STM8_Exti.o [1]
EXTI_SetExtIntSensitivity(EXTI_Port_TypeDef, EXTI_Sensitivity_TypeDef)
                        0x008e68   0x71  Code  Gb  stm8s_exti.o [1]
FLASH_ProgramByte(unsigned long, unsigned char)
                        0x009a88    0x4  Code  Gb  stm8s_flash.o [1]
FLASH_ReadByte(unsigned long)
                        0x009a8c    0x4  Code  Gb  stm8s_flash.o [1]
FLASH_Unlock(FLASH_MemType_TypeDef)
                        0x0098be   0x16  Code  Gb  stm8s_flash.o [1]
GPIO_Init(GPIO_struct __near *, GPIO_Pin_TypeDef, GPIO_Mode_TypeDef)
                        0x008dda   0x8e  Code  Gb  stm8s_gpio.o [1]
GPIO_ReadInputPin(GPIO_struct __near *, GPIO_Pin_TypeDef)
                        0x009a66    0x7  Code  Gb  stm8s_gpio.o [1]
GPIO_WriteHigh(GPIO_struct __near *, GPIO_Pin_TypeDef)
                        0x009a5f    0x7  Code  Gb  stm8s_gpio.o [1]
GPIO_WriteLow(GPIO_struct __near *, GPIO_Pin_TypeDef)
                        0x009a90    0x4  Code  Gb  stm8s_gpio.o [1]
HSIDivFactor            0x009a84    0x4  Data  Lc  stm8s_clk.o [1]
HardwareSerial::available()
                        0x0098e9   0x15  Code  Gb  Bico_STM8_Serial.o [1]
HardwareSerial::begin(unsigned long)
                        0x00959c   0x2c  Code  Gb  Bico_STM8_Serial.o [1]
HardwareSerial::isr(char)
                        0x0095f4   0x2b  Code  Gb  Bico_STM8_Serial.o [1]
HardwareSerial::print(char const __near *)
                        0x0089c0   0x32  Code  Gb  Bico_STM8_Serial.o [1]
HardwareSerial::print(char)
                        0x008ac3    0x3  Code  Gb  Bico_STM8_Serial.o [1]
HardwareSerial::print(int)
                        0x008ad8    0xb  Code  Gb  Bico_STM8_Serial.o [1]
HardwareSerial::print(long)
                        0x008a19   0x4a  Code  Gb  Bico_STM8_Serial.o [1]
HardwareSerial::println()
                        0x0089f2    0x7  Code  Gb  Bico_STM8_Serial.o [1]
HardwareSerial::println(char const __near *)
                        0x0089f9   0x20  Code  Gb  Bico_STM8_Serial.o [1]
HardwareSerial::println(char)
                        0x008ac6   0x12  Code  Gb  Bico_STM8_Serial.o [1]
HardwareSerial::println(int)
                        0x008ae3    0xb  Code  Gb  Bico_STM8_Serial.o [1]
HardwareSerial::println(long)
                        0x008a63   0x53  Code  Gb  Bico_STM8_Serial.o [1]
HardwareSerial::println(unsigned char)
                        0x008ab6    0xd  Code  Gb  Bico_STM8_Serial.o [1]
HardwareSerial::read()  0x009359   0x3c  Code  Gb  Bico_STM8_Serial.o [1]
HardwareSerial::write(char)
                        0x008980   0x20  Code  Gb  Bico_STM8_Serial.o [1]
HardwareSerial::write(unsigned char)
                        0x0089a0   0x20  Code  Gb  Bico_STM8_Serial.o [1]
INTVEC$$Base            0x008000          --   Gb  - Linker created -
INTVEC$$Limit           0x008080          --   Gb  - Linker created -
L293D::L293D(unsigned char, unsigned char, unsigned char, unsigned char)
                        0x00970d   0x23  Code  Gb  L293D.o [1]
L293D::begin()          0x009409   0x39  Code  Gb  L293D.o [1]
L293D::hold()           0x0094d8   0x31  Code  Gb  L293D.o [1]
L293D::runBack()        0x009189    0x4  Code  Gb  L293D.o [1]
L293D::runBack(unsigned char)
                        0x009144   0x45  Code  Gb  L293D.o [1]
L293D::runForward()     0x0092d9    0x4  Code  Gb  L293D.o [1]
L293D::runForward(unsigned char)
                        0x00929e   0x3b  Code  Gb  L293D.o [1]
L293D::turnLeft()       0x009317    0x4  Code  Gb  L293D.o [1]
L293D::turnLeft(unsigned char)
                        0x0092dd   0x3a  Code  Gb  L293D.o [1]
L293D::turnRight()      0x009355    0x4  Code  Gb  L293D.o [1]
L293D::turnRight(unsigned char)
                        0x00931b   0x3a  Code  Gb  L293D.o [1]
Region$$Table$$Base     0x009752          --   Gb  - Linker created -
Region$$Table$$Limit    0x009764          --   Gb  - Linker created -
SHT$$INIT_ARRAY$$Base   0x009a9c          --   Gb  - Linker created -
SHT$$INIT_ARRAY$$Limit  0x009aa0          --   Gb  - Linker created -
SHT$$PREINIT_ARRAY$$Base
                        0x009a9c          --   Gb  - Linker created -
SHT$$PREINIT_ARRAY$$Limit
                        0x009a9c          --   Gb  - Linker created -
Serial                  0x000057   0x14  Data  Gb  Bico_STM8_Serial.o [1]
TIM2_Cmd(FunctionalState)
                        0x009a11    0xd  Code  Gb  stm8s_tim2.o [1]
TIM2_DeInit()           0x008fab   0x59  Code  Gb  stm8s_tim2.o [1]
TIM2_OC1Init(TIM2_OCMode_TypeDef, TIM2_OutputState_TypeDef, unsigned short, TIM2_OCPolarity_TypeDef)
                        0x009509   0x31  Code  Gb  stm8s_tim2.o [1]
TIM2_OC2Init(TIM2_OCMode_TypeDef, TIM2_OutputState_TypeDef, unsigned short, TIM2_OCPolarity_TypeDef)
                        0x00953a   0x31  Code  Gb  stm8s_tim2.o [1]
TIM2_OC3Init(TIM2_OCMode_TypeDef, TIM2_OutputState_TypeDef, unsigned short, TIM2_OCPolarity_TypeDef)
                        0x00956b   0x31  Code  Gb  stm8s_tim2.o [1]
TIM2_TimeBaseInit(TIM2_Prescaler_TypeDef, unsigned short)
                        0x009a37    0xc  Code  Gb  stm8s_tim2.o [1]
TwoWire::TwoWire()      0x009a2b    0x6  Code  Gb  Bico_STM8_Wire.o [1]
TwoWire::available()    0x00999e   0x11  Code  Gb  Bico_STM8_Wire.o [1]
TwoWire::flush()        0x009ab1    0x1  Code  Gb  Bico_STM8_Wire.o [1]
TwoWire::peek()         0x0098fe   0x15  Code  Gb  Bico_STM8_Wire.o [1]
TwoWire::read()         0x00984b   0x19  Code  Gb  Bico_STM8_Wire.o [1]
TwoWire::rxBuffer       0x000017   0x20  Data  Gb  Bico_STM8_Wire.o [1]
TwoWire::rxBufferIndex  0x000083    0x1  Data  Gb  Bico_STM8_Wire.o [1]
TwoWire::rxBufferLength
                        0x000084    0x1  Data  Gb  Bico_STM8_Wire.o [1]
TwoWire::transmitting   0x000087    0x1  Data  Gb  Bico_STM8_Wire.o [1]
TwoWire::txBuffer       0x000037   0x20  Data  Gb  Bico_STM8_Wire.o [1]
TwoWire::txBufferIndex  0x000085    0x1  Data  Gb  Bico_STM8_Wire.o [1]
TwoWire::txBufferLength
                        0x000086    0x1  Data  Gb  Bico_STM8_Wire.o [1]
TwoWire::write(char __near *, unsigned short)
                        0x009395   0x3b  Code  Gb  Bico_STM8_Wire.o [1]
TwoWire::write(char const __near *)
                        0x0093d0   0x39  Code  Gb  Bico_STM8_Wire.o [1]
TwoWire::write(int)     0x0099f7    0xd  Code  Gb  DS1307.o [1]
TwoWire::write(unsigned char __near *, unsigned char)
                        0x0098a8   0x16  Code  Gb  Bico_STM8_Wire.o [1]
TwoWire::write(unsigned char)
                        0x0096c1   0x27  Code  Gb  Bico_STM8_Wire.o [1]
UART1_ClearFlag(UART1_Flag_TypeDef)
                        0x0099bf    0xf  Code  Gb  stm8s_uart1.o [1]
UART1_Cmd(FunctionalState)
                        0x009a1e    0xd  Code  Gb  stm8s_uart1.o [1]
UART1_GetFlagStatus(UART1_Flag_TypeDef)
                        0x009474   0x32  Code  Gb  stm8s_uart1.o [1]
UART1_ISR()             0x0095c8   0x2c  Code  Gb  Bico_STM8_Serial.o [1]
UART1_ITConfig(UART1_IT_TypeDef, FunctionalState)
                        0x008ed9   0x6c  Code  Gb  stm8s_uart1.o [1]
UART1_Init(unsigned long, UART1_WordLength_TypeDef, UART1_StopBits_TypeDef, UART1_Parity_TypeDef, UART1_SyncMode_TypeDef, UART1_Mode_TypeDef)
                        0x008aee  0x134  Code  Gb  stm8s_uart1.o [1]
UART1_ReceiveData8()    0x009a94    0x4  Code  Gb  stm8s_uart1.o [1]
UART1_SendData8(unsigned char)
                        0x009a98    0x4  Code  Gb  stm8s_uart1.o [1]
Virtual function table for TwoWire
                        0x009913   0x14  Data  Gb  Bico_STM8_Wire.o [1]
Wire                    0x00007e    0x2  Data  Gb  Bico_STM8_Wire.o [1]
__DebugBreak            0x009ab2    0x1  Code  Gb  __dbg_break.o [3]
__call_ctors            0x0097df   0x1d  Code  Gb  cppinit.o [4]
__exit                  0x009977   0x14  Code  Gb  __dbg_xxexit.o [3]
__iar_copy_init2        0x009699         Code  Gb  init_small.o [4]
__iar_cstart_call_ctors
                        0x0097cf         Code  Gb  cstartup.o [4]
__iar_data_init2        0x009963   0x14  Code  Gb  init.o [4]
__iar_program_start     0x0097c2         Code  Gb  cstartup.o [4]
__iar_unhandled_exception
                        0x009aac         Code  Gb  unhandled_exception.o [4]
__iar_zero_init2        0x0097a4         Code  Gb  init_small.o [4]
__intvec                0x008000         Data  Gb  interrupt.o [4]
__low_level_init        0x009aa6    0x3  Code  Gb  low_level_init.o [4]
__sti__routine          0x009927   0x14  Code  Lc  ArduinoStyle.o [1]
__sti__routine          0x009a31    0x6  Code  Lc  Bico_STM8_Wire.o [1]
_exit                   0x009a7f         Code  Gb  cexit.o [4]
_interrupt_20           0x0095c8         Code  Gb  Bico_STM8_Serial.o [1]
_interrupt_7            0x009764         Code  Gb  Bico_STM8_Exti.o [1]
_interrupt_8            0x009784         Code  Gb  Bico_STM8_Exti.o [1]
address_seek            0x000078    0x2  Data  Gb  ArduinoStyle.o [1]
analogWrite(unsigned char, unsigned char)
                        0x008d21   0xb9  Code  Gb  Bico_STM8_PWM.o [1]
attachInterrupt(EXTI_Port_TypeDef, void (*)(), unsigned char)
                        0x008f45   0x66  Code  Gb  Bico_STM8_Exti.o [1]
bico_tim2_period        0x000015    0x2  Data  Gb  Bico_STM8_PWM.o [1]
bico_tim2_prescaler     0x000014    0x1  Data  Gb  Bico_STM8_PWM.o [1]
clkConfig()             0x009a4e    0x9  Code  Gb  Bico_STM8_Generic.o [1]
decodePin(unsigned char)
                        0x0090af   0x4c  Code  Gb  Bico_STM8_Gpio.o [1]
decodePort(unsigned char)
                        0x009442   0x32  Code  Gb  Bico_STM8_Gpio.o [1]
delay_ms(unsigned int)  0x009818   0x1a  Code  Gb  Bico_STM8_Generic.o [1]
delay_us(unsigned int)  0x00994f   0x14  Code  Gb  Bico_STM8_Generic.o [1]
digitalPinToInterrupt(unsigned char)
                        0x009864   0x18  Code  Gb  Bico_STM8_Exti.o [1]
digitalRead(unsigned char)
                        0x0097fc   0x1c  Code  Gb  Bico_STM8_Gpio.o [1]
digitalWrite(unsigned char, bool)
                        0x0090fb   0x49  Code  Gb  Bico_STM8_Gpio.o [1]
earseEEPROM(int, int)   0x009648   0x29  Code  Gb  ArduinoStyle.o [1]
enable                  0x000080    0x1  Data  Gb  ArduinoStyle.o [1]
enableGlobalInterrupt()
                        0x009aaf    0x2  Code  Gb  Bico_STM8_Generic.o [1]
exit                    0x009aa9    0x3  Code  Gb  exit.o [4]
getDigitInNumber(long, unsigned char)
                        0x00961f   0x29  Code  Gb  Algebra_Math.o [1]
getNumberOfDigit(long)  0x009730   0x22  Code  Gb  Algebra_Math.o [1]
get_abs(long)           0x009a57    0x8  Code  Gb  Algebra_Math.o [1]
journey                 0x000081    0x1  Data  Gb  ArduinoStyle.o [1]
loop()                  0x008080  0x577  Code  Gb  ArduinoStyle.o [1]
main                    0x0099af   0x10  Code  Gb  main.o [1]
my_car                  0x00006b    0x5  Data  Gb  ArduinoStyle.o [1]
num_of_journey          0x000012    0x1  Data  Gb  ArduinoStyle.o [1]
num_of_step_per_one_journey
                        0x000013    0x1  Data  Gb  ArduinoStyle.o [1]
orderNumber(long, unsigned char)
                        0x009671   0x28  Code  Gb  Algebra_Math.o [1]
pinMode(unsigned char, GPIO_Mode_TypeDef)
                        0x009832   0x19  Code  Gb  Bico_STM8_Gpio.o [1]
pulseCount1()           0x0091d4   0x44  Code  Gb  ArduinoStyle.o [1]
pulseCount2()           0x009218   0x44  Code  Gb  ArduinoStyle.o [1]
pulse_count1            0x000070    0x4  Data  Gb  ArduinoStyle.o [1]
pulse_count2            0x000074    0x4  Data  Gb  ArduinoStyle.o [1]
readFromEEPROM(int)     0x00905b   0x54  Code  Gb  ArduinoStyle.o [1]
running_direction       0x000011    0x1  Data  Gb  ArduinoStyle.o [1]
running_mode            0x000010    0x1  Data  Gb  ArduinoStyle.o [1]
setup()                 0x0087f9  0x187  Code  Gb  ArduinoStyle.o [1]
writeToEEPROM(int, long)
                        0x00925c   0x42  Code  Gb  ArduinoStyle.o [1]


[1] = E:\Thay Toan vxl\Cua Bico\Xe_Phun_Thuoc\option 2\Xe_Phun_Thuoc\Debug\Obj
[2] = command line
[3] = dbgstm8smd.a
[4] = dlstm8smn.a

  6 551 bytes of readonly  code memory
    284 bytes of readonly  data memory
    648 bytes of readwrite data memory

Errors: none
Warnings: none
