###############################################################################
#
# IAR ELF Linker V3.10.1.201 for STM8                     21/Apr/2018  11:45:43
# Copyright 2010-2017 IAR Systems AB.
#
#    Output file  =  
#        E:\Thay Toan vxl\Cua
#        Bico\Xe_Phun_Thuoc\Xe_Phun_Thuoc\Debug\Exe\STM8_IAR_C++.out
#    Map file     =  
#        E:\Thay Toan vxl\Cua
#        Bico\Xe_Phun_Thuoc\Xe_Phun_Thuoc\Debug\List\STM8_IAR_C++.map
#    Command line =  
#        -f C:\Users\Bico\AppData\Local\Temp\EW2067.tmp ("E:\Thay Toan vxl\Cua
#        Bico\Xe_Phun_Thuoc\Xe_Phun_Thuoc\Debug\Obj\Algebra_Math.o" "E:\Thay
#        Toan vxl\Cua
#        Bico\Xe_Phun_Thuoc\Xe_Phun_Thuoc\Debug\Obj\ArduinoStyle.o" "E:\Thay
#        Toan vxl\Cua
#        Bico\Xe_Phun_Thuoc\Xe_Phun_Thuoc\Debug\Obj\Bico_STM8_Analog.o"
#        "E:\Thay Toan vxl\Cua
#        Bico\Xe_Phun_Thuoc\Xe_Phun_Thuoc\Debug\Obj\Bico_STM8_Eeprom.o"
#        "E:\Thay Toan vxl\Cua
#        Bico\Xe_Phun_Thuoc\Xe_Phun_Thuoc\Debug\Obj\Bico_STM8_Exti.o" "E:\Thay
#        Toan vxl\Cua
#        Bico\Xe_Phun_Thuoc\Xe_Phun_Thuoc\Debug\Obj\Bico_STM8_Generic.o"
#        "E:\Thay Toan vxl\Cua
#        Bico\Xe_Phun_Thuoc\Xe_Phun_Thuoc\Debug\Obj\Bico_STM8_Gpio.o" "E:\Thay
#        Toan vxl\Cua
#        Bico\Xe_Phun_Thuoc\Xe_Phun_Thuoc\Debug\Obj\Bico_STM8_PWM.o" "E:\Thay
#        Toan vxl\Cua
#        Bico\Xe_Phun_Thuoc\Xe_Phun_Thuoc\Debug\Obj\Bico_STM8_Serial.o"
#        "E:\Thay Toan vxl\Cua
#        Bico\Xe_Phun_Thuoc\Xe_Phun_Thuoc\Debug\Obj\Bico_STM8_Servo.o" "E:\Thay
#        Toan vxl\Cua
#        Bico\Xe_Phun_Thuoc\Xe_Phun_Thuoc\Debug\Obj\Bico_STM8_Spi.o" "E:\Thay
#        Toan vxl\Cua
#        Bico\Xe_Phun_Thuoc\Xe_Phun_Thuoc\Debug\Obj\Bico_STM8_Wire.o" "E:\Thay
#        Toan vxl\Cua Bico\Xe_Phun_Thuoc\Xe_Phun_Thuoc\Debug\Obj\DS1307.o"
#        "E:\Thay Toan vxl\Cua
#        Bico\Xe_Phun_Thuoc\Xe_Phun_Thuoc\Debug\Obj\L293D.o" "E:\Thay Toan
#        vxl\Cua Bico\Xe_Phun_Thuoc\Xe_Phun_Thuoc\Debug\Obj\Logic_Math.o"
#        "E:\Thay Toan vxl\Cua
#        Bico\Xe_Phun_Thuoc\Xe_Phun_Thuoc\Debug\Obj\main.o" "E:\Thay Toan
#        vxl\Cua Bico\Xe_Phun_Thuoc\Xe_Phun_Thuoc\Debug\Obj\stm8s_adc1.o"
#        "E:\Thay Toan vxl\Cua
#        Bico\Xe_Phun_Thuoc\Xe_Phun_Thuoc\Debug\Obj\stm8s_awu.o" "E:\Thay Toan
#        vxl\Cua Bico\Xe_Phun_Thuoc\Xe_Phun_Thuoc\Debug\Obj\stm8s_beep.o"
#        "E:\Thay Toan vxl\Cua
#        Bico\Xe_Phun_Thuoc\Xe_Phun_Thuoc\Debug\Obj\stm8s_clk.o" "E:\Thay Toan
#        vxl\Cua Bico\Xe_Phun_Thuoc\Xe_Phun_Thuoc\Debug\Obj\stm8s_exti.o"
#        "E:\Thay Toan vxl\Cua
#        Bico\Xe_Phun_Thuoc\Xe_Phun_Thuoc\Debug\Obj\stm8s_flash.o" "E:\Thay
#        Toan vxl\Cua Bico\Xe_Phun_Thuoc\Xe_Phun_Thuoc\Debug\Obj\stm8s_gpio.o"
#        "E:\Thay Toan vxl\Cua
#        Bico\Xe_Phun_Thuoc\Xe_Phun_Thuoc\Debug\Obj\stm8s_i2c.o" "E:\Thay Toan
#        vxl\Cua Bico\Xe_Phun_Thuoc\Xe_Phun_Thuoc\Debug\Obj\stm8s_itc.o"
#        "E:\Thay Toan vxl\Cua
#        Bico\Xe_Phun_Thuoc\Xe_Phun_Thuoc\Debug\Obj\stm8s_iwdg.o" "E:\Thay Toan
#        vxl\Cua Bico\Xe_Phun_Thuoc\Xe_Phun_Thuoc\Debug\Obj\stm8s_rst.o"
#        "E:\Thay Toan vxl\Cua
#        Bico\Xe_Phun_Thuoc\Xe_Phun_Thuoc\Debug\Obj\stm8s_spi.o" "E:\Thay Toan
#        vxl\Cua Bico\Xe_Phun_Thuoc\Xe_Phun_Thuoc\Debug\Obj\stm8s_tim1.o"
#        "E:\Thay Toan vxl\Cua
#        Bico\Xe_Phun_Thuoc\Xe_Phun_Thuoc\Debug\Obj\stm8s_tim2.o" "E:\Thay Toan
#        vxl\Cua Bico\Xe_Phun_Thuoc\Xe_Phun_Thuoc\Debug\Obj\stm8s_tim4.o"
#        "E:\Thay Toan vxl\Cua
#        Bico\Xe_Phun_Thuoc\Xe_Phun_Thuoc\Debug\Obj\stm8s_uart1.o" "E:\Thay
#        Toan vxl\Cua Bico\Xe_Phun_Thuoc\Xe_Phun_Thuoc\Debug\Obj\stm8s_wwdg.o"
#        --redirect _Printf=_PrintfFullNoMb --redirect _Scanf=_ScanfFullNoMb -o
#        "E:\Thay Toan vxl\Cua
#        Bico\Xe_Phun_Thuoc\Xe_Phun_Thuoc\Debug\Exe\STM8_IAR_C++.out" --map
#        "E:\Thay Toan vxl\Cua
#        Bico\Xe_Phun_Thuoc\Xe_Phun_Thuoc\Debug\List\STM8_IAR_C++.map" --config
#        "C:\Program Files (x86)\IAR Systems\Embedded Workbench
#        8.0\stm8\config\lnkstm8s103f3.icf" --config_def _CSTACK_SIZE=0x200
#        --config_def _HEAP_SIZE=0x1000 --entry __iar_program_start
#        --debug_lib)
#
###############################################################################

*******************************************************************************
*** RUNTIME MODEL ATTRIBUTES
***

__SystemLibrary            = DLib
__code_model               = small
__core                     = stm8
__data_model               = medium
__dlib_file_descriptor     = 0
__dlib_full_locale_support = 0
__rt_version               = 4


*******************************************************************************
*** PLACEMENT SUMMARY
***

"A0":  place at start of [0x000000-0x0000ff] { rw section .vregs };
"A1":  place at end of [0x000000-0x0003ff] { block CSTACK };
"P2":  place in [from 0x000000 to 0x0003ff] {
          block HEAP, rw section __DLIB_PERTHREAD, rw section .far.bss,
          rw section .far.data, rw section .far.noinit,
          rw section .far_func.textrw, rw section .huge.bss,
          rw section .huge.data, rw section .huge.noinit,
          rw section .huge_func.textrw, rw section .iar.dynexit,
          rw section .near.bss, rw section .near.data, rw section .near.noinit,
          rw section .near_func.textrw };
"A2":  place at start of [0x008000-0x009fff] { block INTVEC };
"P3":  place in [from 0x008000 to 0x009fff] {
          ro section __DLIB_PERTHREAD_init, ro section .far.data_init,
          ro section .far_func.textrw_init, ro section .huge.data_init,
          ro section .huge_func.textrw_init, ro section .iar.init_table,
          ro section .init_array, ro section .near.data_init,
          ro section .near.rodata, ro section .near_func.text,
          ro section .near_func.textrw_init, ro section .tiny.data_init,
          ro section .tiny.rodata_init };
"P4":  place in [from 0x008000 to 0x009fff] {
          ro section .far.rodata, ro section .far_func.text };
"P5":  place in [from 0x008000 to 0x009fff] {
          ro section .huge.rodata, ro section .huge_func.text };
do not initialize {
   rw section .eeprom.noinit, rw section .far.noinit, rw section .huge.noinit,
   rw section .near.noinit, rw section .tiny.noinit, rw section .vregs };
initialize by copy {
   rw section .far.bss, rw section .far.data, rw section .far_func.textrw,
   rw section .huge.bss, rw section .huge.data, rw section .huge_func.textrw,
   rw section .iar.dynexit, rw section .near.bss, rw section .near.data,
   rw section .near_func.textrw, rw section .tiny.bss, rw section .tiny.data,
   ro section .tiny.rodata };

  Section             Kind      Address    Size  Object
  -------             ----      -------    ----  ------
"A0":                                      0x10
  .vregs              uninit   0x000000    0x10  vregs.o [4]
                             - 0x000010    0x10

"P2", part 1 of 2:                          0x5
  P2-1                         0x000010     0x5  <Init block>
    .near.data        inited   0x000010     0x1  ArduinoStyle.o [1]
    .near.data        inited   0x000011     0x1  ArduinoStyle.o [1]
    .near.data        inited   0x000012     0x1  Bico_STM8_PWM.o [1]
    .near.data        inited   0x000013     0x2  Bico_STM8_PWM.o [1]
                             - 0x000015     0x5

"P2", part 2 of 2:                         0x70
  .near.bss           zero     0x000015    0x20  Bico_STM8_Wire.o [1]
  .near.bss           zero     0x000035    0x20  Bico_STM8_Wire.o [1]
  .near.bss           zero     0x000055    0x14  Bico_STM8_Serial.o [1]
  .near.bss           zero     0x000069     0x5  ArduinoStyle.o [1]
  .near.bss           zero     0x00006e     0x4  ArduinoStyle.o [1]
  .near.bss           zero     0x000072     0x4  ArduinoStyle.o [1]
  .near.bss           zero     0x000076     0x2  ArduinoStyle.o [1]
  .near.bss           zero     0x000078     0x2  Bico_STM8_Exti.o [1]
  .near.bss           zero     0x00007a     0x2  Bico_STM8_Exti.o [1]
  .near.bss           zero     0x00007c     0x2  Bico_STM8_Wire.o [1]
  .near.bss           zero     0x00007e     0x1  ArduinoStyle.o [1]
  .near.bss           zero     0x00007f     0x1  Bico_STM8_Eeprom.o [1]
  .near.bss           zero     0x000080     0x1  Bico_STM8_Wire.o [1]
  .near.bss           zero     0x000081     0x1  Bico_STM8_Wire.o [1]
  .near.bss           zero     0x000082     0x1  Bico_STM8_Wire.o [1]
  .near.bss           zero     0x000083     0x1  Bico_STM8_Wire.o [1]
  .near.bss           zero     0x000084     0x1  Bico_STM8_Wire.o [1]
                             - 0x000085    0x70

"A1":                                     0x200
  CSTACK                       0x000200   0x200  <Block>
    CSTACK            uninit   0x000200   0x200  <Block tail>
                             - 0x000400   0x200

"A2":                                      0x80
  INTVEC                       0x008000    0x80  <Block>
    .intvec           const    0x008000    0x80  interrupt.o [4]
                             - 0x008080    0x80

"P3-P5":                                 0x172d
  .near_func.text     ro code  0x008080   0x3df  ArduinoStyle.o [1]
  .near_func.text     ro code  0x00845f   0x202  long.o [4]
  .near_func.text     ro code  0x008661   0x156  Bico_STM8_Serial.o [1]
  .near_func.text     ro code  0x0087b7   0x134  stm8s_uart1.o [1]
  .near_func.text     ro code  0x0088eb    0xff  vreg_util.o [4]
  .near_func.text     ro code  0x0089ea    0xb9  Bico_STM8_PWM.o [1]
  .near_func.text     ro code  0x008aa3    0xb6  ArduinoStyle.o [1]
  .near_func.text     ro code  0x008b59    0x8e  stm8s_gpio.o [1]
  .near_func.text     ro code  0x008be7    0x71  stm8s_exti.o [1]
  .near_func.text     ro code  0x008c58    0x6c  stm8s_uart1.o [1]
  .near_func.text     ro code  0x008cc4    0x66  Bico_STM8_Exti.o [1]
  .near_func.text     ro code  0x008d2a    0x59  stm8s_tim2.o [1]
  .near_func.text     ro code  0x008d83    0x57  stm8s_clk.o [1]
  .near_func.text     ro code  0x008dda    0x54  ArduinoStyle.o [1]
  .near_func.text     ro code  0x008e2e    0x4c  Bico_STM8_Gpio.o [1]
  .near_func.text     ro code  0x008e7a    0x49  Bico_STM8_Gpio.o [1]
  .near_func.text     ro code  0x008ec3    0x49  L293D.o [1]
  .near_func.text     ro code  0x008f0c    0x47  long_util.o [4]
  .near_func.text     ro code  0x008f53    0x42  ArduinoStyle.o [1]
  .near_func.text     ro code  0x008f95    0x3f  L293D.o [1]
  .near_func.text     ro code  0x008fd4    0x3e  L293D.o [1]
  .near_func.text     ro code  0x009012    0x3e  L293D.o [1]
  .near_func.text     ro code  0x009050    0x3c  Bico_STM8_Serial.o [1]
  .near_func.text     ro code  0x00908c    0x3b  Bico_STM8_Wire.o [1]
  .near_func.text     ro code  0x0090c7    0x39  Bico_STM8_Wire.o [1]
  .near_func.text     ro code  0x009100    0x39  L293D.o [1]
  .near_func.text     ro code  0x009139    0x32  Bico_STM8_Gpio.o [1]
  .near_func.text     ro code  0x00916b    0x32  stm8s_uart1.o [1]
  .near_func.text     ro code  0x00919d    0x31  L293D.o [1]
  .near_func.text     ro code  0x0091ce    0x31  stm8s_tim2.o [1]
  .near_func.text     ro code  0x0091ff    0x31  stm8s_tim2.o [1]
  .near_func.text     ro code  0x009230    0x31  stm8s_tim2.o [1]
  .near_func.text     ro code  0x009261    0x2c  Bico_STM8_Serial.o [1]
  .near_func.text     ro code  0x00928d    0x2c  Bico_STM8_Serial.o [1]
  .near_func.text     ro code  0x0092b9    0x2b  Bico_STM8_Serial.o [1]
  .near_func.text     ro code  0x0092e4    0x29  Algebra_Math.o [1]
  .near_func.text     ro code  0x00930d    0x29  ArduinoStyle.o [1]
  .near_func.text     ro code  0x009336    0x29  ArduinoStyle.o [1]
  .near_func.text     ro code  0x00935f    0x29  ArduinoStyle.o [1]
  .near_func.text     ro code  0x009388    0x28  Algebra_Math.o [1]
  .near_func.text     ro code  0x0093b0    0x28  init_small.o [4]
  .near_func.text     ro code  0x0093d8    0x27  Bico_STM8_Wire.o [1]
  .near_func.text     ro code  0x0093ff    0x25  dc_util.o [4]
  .near_func.text     ro code  0x009424    0x23  L293D.o [1]
  .near_func.text     ro code  0x009447    0x22  Algebra_Math.o [1]
  .iar.init_table     const    0x009469    0x12  - Linker created -
  .near_func.text     ro code  0x00947b    0x20  Bico_STM8_Exti.o [1]
  .near_func.text     ro code  0x00949b    0x20  Bico_STM8_Exti.o [1]
  .near_func.text     ro code  0x0094bb    0x1e  init_small.o [4]
  .near_func.text     ro code  0x0094d9    0x1d  cstartup.o [4]
  .near_func.text     ro code  0x0094f6    0x1d  cppinit.o [4]
  .near_func.text     ro code  0x009513    0x1c  Bico_STM8_Gpio.o [1]
  .near_func.text     ro code  0x00952f    0x1a  Bico_STM8_Generic.o [1]
  .near_func.text     ro code  0x009549    0x19  Bico_STM8_Gpio.o [1]
  .near_func.text     ro code  0x009562    0x19  Bico_STM8_Wire.o [1]
  .near_func.text     ro code  0x00957b    0x18  Bico_STM8_Exti.o [1]
  .near_func.text     ro code  0x009593    0x16  Bico_STM8_Eeprom.o [1]
  .near_func.text     ro code  0x0095a9    0x16  Bico_STM8_Wire.o [1]
  .near_func.text     ro code  0x0095bf    0x16  stm8s_flash.o [1]
  .near_func.text     ro code  0x0095d5    0x15  Bico_STM8_Serial.o [1]
  .near_func.text     ro code  0x0095ea    0x15  Bico_STM8_Wire.o [1]
  .near.rodata        const    0x0095ff    0x14  Bico_STM8_Wire.o [1]
  .near_func.text     ro code  0x009613    0x14  ArduinoStyle.o [1]
  .near_func.text     ro code  0x009627    0x14  Bico_STM8_Eeprom.o [1]
  .near_func.text     ro code  0x00963b    0x14  Bico_STM8_Generic.o [1]
  .near_func.text     ro code  0x00964f    0x14  short.o [4]
  .near_func.text     ro code  0x009663    0x14  init.o [4]
  .near_func.text     ro code  0x009677    0x14  __dbg_xxexit.o [3]
  .near_func.text     ro code  0x00968b    0x13  stm8s_clk.o [1]
  .near_func.text     ro code  0x00969e    0x11  Bico_STM8_Wire.o [1]
  .near_func.text     ro code  0x0096af    0x10  main.o [1]
  .near.rodata        const    0x0096bf     0xf  ArduinoStyle.o [1]
  .near_func.text     ro code  0x0096ce     0xf  stm8s_uart1.o [1]
  .near.rodata        const    0x0096dd     0xe  ArduinoStyle.o [1]
  .near.rodata        const    0x0096eb     0xd  ArduinoStyle.o [1]
  .near_func.text     ro code  0x0096f8     0xd  DS1307.o [1]
  .near_func.text     ro code  0x009705     0xd  stm8s_clk.o [1]
  .near_func.text     ro code  0x009712     0xd  stm8s_tim2.o [1]
  .near_func.text     ro code  0x00971f     0xd  stm8s_uart1.o [1]
  .near_func.text     ro code  0x00972c     0xc  Bico_STM8_Wire.o [1]
  .near_func.text     ro code  0x009738     0xc  stm8s_tim2.o [1]
  .near.rodata        const    0x009744     0xb  ArduinoStyle.o [1]
  .near_func.text     ro code  0x00974f     0x9  Bico_STM8_Generic.o [1]
  .near_func.text     ro code  0x009758     0x8  Algebra_Math.o [1]
  .near_func.text     ro code  0x009760     0x7  stm8s_gpio.o [1]
  .near_func.text     ro code  0x009767     0x7  stm8s_gpio.o [1]
  .near_func.text     ro code  0x00976e     0x6  char.o [4]
  .near_func.text     ro code  0x009774     0x5  cexit.o [4]
  Initializer bytes   const    0x009779     0x5  <for P2-1>
  .near.rodata        const    0x00977e     0x4  stm8s_clk.o [1]
  .near_func.text     ro code  0x009782     0x4  stm8s_flash.o [1]
  .near_func.text     ro code  0x009786     0x4  stm8s_flash.o [1]
  .near_func.text     ro code  0x00978a     0x4  stm8s_gpio.o [1]
  .near_func.text     ro code  0x00978e     0x4  stm8s_uart1.o [1]
  .near_func.text     ro code  0x009792     0x4  stm8s_uart1.o [1]
  SHT$$PREINIT_ARRAY           0x009796     0x0  <Block>
  SHT$$INIT_ARRAY              0x009796     0x4  <Block>
    .difunct          const    0x009796     0x2  ArduinoStyle.o [1]
    .difunct          const    0x009798     0x2  Bico_STM8_Wire.o [1]
  .near.rodata        const    0x00979a     0x3  Bico_STM8_Serial.o [1]
  .near_func.text     ro code  0x00979d     0x3  interrupt.o [4]
  .near_func.text     ro code  0x0097a0     0x3  low_level_init.o [4]
  .near_func.text     ro code  0x0097a3     0x3  exit.o [4]
  .near_func.text     ro code  0x0097a6     0x3  unhandled_exception.o [4]
  .near_func.text     ro code  0x0097a9     0x2  Bico_STM8_Generic.o [1]
  .near_func.text     ro code  0x0097ab     0x1  Bico_STM8_Wire.o [1]
  .near_func.text     ro code  0x0097ac     0x1  __dbg_break.o [3]
                             - 0x0097ad  0x172d


*******************************************************************************
*** INIT TABLE
***

          Address   Size
          -------   ----
Zero (__iar_zero_init2)
    1 destination range, total size 0x70:
          0x000015  0x70

Copy (__iar_copy_init2)
    1 source range, total size 0x5:
          0x009779   0x5
    1 destination range, total size 0x5:
          0x000010   0x5



*******************************************************************************
*** MODULE SUMMARY
***

    Module                 ro code  ro data  rw data
    ------                 -------  -------  -------
E:\Thay Toan vxl\Cua Bico\Xe_Phun_Thuoc\Xe_Phun_Thuoc\Debug\Obj: [1]
    Algebra_Math.o             123
    ArduinoStyle.o           1 466       57       18
    Bico_STM8_Eeprom.o          42                 1
    Bico_STM8_Exti.o           190                 4
    Bico_STM8_Generic.o         57
    Bico_STM8_Gpio.o           252
    Bico_STM8_PWM.o            185        3        3
    Bico_STM8_Serial.o         554        3       20
    Bico_STM8_Wire.o           253       22       71
    DS1307.o                    13
    L293D.o                    401
    main.o                      16
    stm8s_clk.o                119        4
    stm8s_exti.o               113
    stm8s_flash.o               30
    stm8s_gpio.o               160
    stm8s_tim2.o               261
    stm8s_uart1.o              502
    ------------------------------------------------
    Total:                   4 737       89      117

command line: [2]
    ------------------------------------------------
    Total:

dbgstm8smd.a: [3]
    __dbg_break.o                1
    __dbg_xxexit.o              20
    ------------------------------------------------
    Total:                      21

dlstm8smn.a: [4]
    cexit.o                      5
    char.o                       6
    cppinit.o                   29
    cstartup.o                  29
    dc_util.o                   37
    exit.o                       3
    init.o                      20
    init_small.o                70
    interrupt.o                  3      128
    long.o                     514
    long_util.o                 71
    low_level_init.o             3
    short.o                     20
    unhandled_exception.o        3
    vreg_util.o                255
    vregs.o                                       16
    ------------------------------------------------
    Total:                   1 068      128       16

    Linker created                       18      512
----------------------------------------------------
    Grand Total:             5 826      235      645


*******************************************************************************
*** ENTRY LIST
***

Entry                    Address   Size  Type      Object
-----                    -------   ----  ----      ------
.iar.init_table$$Base   0x009469          --   Gb  - Linker created -
.iar.init_table$$Limit  0x00947b          --   Gb  - Linker created -
??call_ctors            0x0094e6         Code  Gb  cstartup.o [4]
?add32_l0_l0_0x         0x008482         Code  Gb  long.o [4]
?b0                     0x000000         Data  Gb  vregs.o [4]
?b1                     0x000001         Data  Gb  vregs.o [4]
?b10                    0x00000a         Data  Gb  vregs.o [4]
?b11                    0x00000b         Data  Gb  vregs.o [4]
?b12                    0x00000c         Data  Gb  vregs.o [4]
?b13                    0x00000d         Data  Gb  vregs.o [4]
?b14                    0x00000e         Data  Gb  vregs.o [4]
?b15                    0x00000f         Data  Gb  vregs.o [4]
?b2                     0x000002         Data  Gb  vregs.o [4]
?b3                     0x000003         Data  Gb  vregs.o [4]
?b4                     0x000004         Data  Gb  vregs.o [4]
?b5                     0x000005         Data  Gb  vregs.o [4]
?b6                     0x000006         Data  Gb  vregs.o [4]
?b7                     0x000007         Data  Gb  vregs.o [4]
?b8                     0x000008         Data  Gb  vregs.o [4]
?b9                     0x000009         Data  Gb  vregs.o [4]
?dc32_l0                0x0093ff         Code  Gb  dc_util.o [4]
?dc32_l1                0x00940c         Code  Gb  dc_util.o [4]
?dc32_px                0x009419         Code  Gb  dc_util.o [4]
?e0                     0x000001         Data  Gb  vregs.o [4]
?e1                     0x000005         Data  Gb  vregs.o [4]
?e2                     0x000009         Data  Gb  vregs.o [4]
?e3                     0x00000d         Data  Gb  vregs.o [4]
?epilogue_l2            0x008986         Code  Gb  vreg_util.o [4]
?epilogue_l2_l3         0x008983         Code  Gb  vreg_util.o [4]
?epilogue_l2_w6         0x00898a         Code  Gb  vreg_util.o [4]
?epilogue_w4            0x008991         Code  Gb  vreg_util.o [4]
?inc32_0x_0x            0x008474         Code  Gb  long.o [4]
?inc32_l0_l0            0x00846f         Code  Gb  long.o [4]
?l0                     0x000000         Data  Gb  vregs.o [4]
?l1                     0x000004         Data  Gb  vregs.o [4]
?l2                     0x000008         Data  Gb  vregs.o [4]
?l3                     0x00000c         Data  Gb  vregs.o [4]
?load32_0x_l0           0x008f45         Code  Gb  long_util.o [4]
?load32_asp_l0          0x008f39         Code  Gb  long_util.o [4]
?load32_dbsp_l0         0x008f34         Code  Gb  long_util.o [4]
?load32_l0_0x           0x008f1c         Code  Gb  long_util.o [4]
?load32_l0_asp          0x008f11         Code  Gb  long_util.o [4]
?load32_l0_dbsp         0x008f0c         Code  Gb  long_util.o [4]
?load32_l0_xsp          0x008f13         Code  Gb  long_util.o [4]
?load32_l1_0x           0x008f28         Code  Gb  long_util.o [4]
?load32_xsp_l0          0x008f3b         Code  Gb  long_util.o [4]
?mov_e0_e2              0x00899f         Code  Gb  vreg_util.o [4]
?mov_e0_e3              0x0089ac         Code  Gb  vreg_util.o [4]
?mov_e1_e0              0x0089b9         Code  Gb  vreg_util.o [4]
?mov_e1_e2              0x0089c6         Code  Gb  vreg_util.o [4]
?mov_e2_e0              0x0089d3         Code  Gb  vreg_util.o [4]
?mov_e3_e0              0x0089e0         Code  Gb  vreg_util.o [4]
?mov_l0_l2              0x00899c         Code  Gb  vreg_util.o [4]
?mov_l0_l3              0x0089a9         Code  Gb  vreg_util.o [4]
?mov_l1_l0              0x0089b6         Code  Gb  vreg_util.o [4]
?mov_l1_l2              0x0089c3         Code  Gb  vreg_util.o [4]
?mov_l2_l0              0x0089d0         Code  Gb  vreg_util.o [4]
?mov_l3_l0              0x0089dd         Code  Gb  vreg_util.o [4]
?mov_w1_w5              0x0089a2         Code  Gb  vreg_util.o [4]
?mov_w1_w7              0x0089af         Code  Gb  vreg_util.o [4]
?mov_w3_w1              0x0089bc         Code  Gb  vreg_util.o [4]
?mov_w3_w5              0x0089c9         Code  Gb  vreg_util.o [4]
?mov_w5_w1              0x0089d6         Code  Gb  vreg_util.o [4]
?mov_w6_w0              0x008995         Code  Gb  vreg_util.o [4]
?mov_w7_w1              0x0089e3         Code  Gb  vreg_util.o [4]
?mul32_l0_l0_0x         0x0084b8         Code  Gb  long.o [4]
?mul32_l0_l0_dl         0x0084b5         Code  Gb  long.o [4]
?mul32_l0_l0_l1         0x0084c1         Code  Gb  long.o [4]
?neg32_l0_l0            0x00845f         Code  Gb  long.o [4]
?or32_l0_l0_0x          0x00861c         Code  Gb  long.o [4]
?or32_l0_l0_l1          0x008619         Code  Gb  long.o [4]
?pop_l0                 0x00894f         Code  Gb  vreg_util.o [4]
?pop_l1                 0x00895a         Code  Gb  vreg_util.o [4]
?pop_l2                 0x008965         Code  Gb  vreg_util.o [4]
?pop_l3                 0x008970         Code  Gb  vreg_util.o [4]
?pop_w4                 0x008908         Code  Gb  vreg_util.o [4]
?pop_w6                 0x00890f         Code  Gb  vreg_util.o [4]
?push_l0                0x00891e         Code  Gb  vreg_util.o [4]
?push_l1                0x008923         Code  Gb  vreg_util.o [4]
?push_l2                0x008928         Code  Gb  vreg_util.o [4]
?push_l3                0x00892d         Code  Gb  vreg_util.o [4]
?push_w4                0x0088eb         Code  Gb  vreg_util.o [4]
?push_w6                0x0088f0         Code  Gb  vreg_util.o [4]
?scmp32_c_l0_l1         0x008602         Code  Gb  long.o [4]
?sdiv32_l0_l0_dl        0x0085b9         Code  Gb  long.o [4]
?sdiv32_l0_l0_l1        0x0085bc         Code  Gb  long.o [4]
?sext16_x_a             0x00965c         Code  Gb  short.o [4]
?sext32_l0_x            0x008656         Code  Gb  long.o [4]
?sll16_x_x_a            0x00964f         Code  Gb  short.o [4]
?sll32_0x_0x_a          0x008637         Code  Gb  long.o [4]
?sll32_l0_l0_a          0x008634         Code  Gb  long.o [4]
?sll8_a_a_5             0x00976f         Code  Gb  char.o [4]
?sll8_a_a_6             0x00976e         Code  Gb  char.o [4]
?smod32_l1_l0_dl        0x0085b4         Code  Gb  long.o [4]
?smod32_l1_l0_l1        0x0085bc         Code  Gb  long.o [4]
?sra32_0x_0x_a          0x008648         Code  Gb  long.o [4]
?sra32_l0_l0_a          0x008645         Code  Gb  long.o [4]
?srl16_x_x_4            0x009657         Code  Gb  short.o [4]
?sub32_l0_l0_0x         0x00849d         Code  Gb  long.o [4]
?sub32_l0_l0_l1         0x00849a         Code  Gb  long.o [4]
?udiv32_l0_dl_l1        0x00853f         Code  Gb  long.o [4]
?udiv32_l0_l0_dl        0x008544         Code  Gb  long.o [4]
?udiv32_l0_l0_l1        0x008547         Code  Gb  long.o [4]
?umod32_l1_l0_l1        0x008547         Code  Gb  long.o [4]
?w0                     0x000000         Data  Gb  vregs.o [4]
?w1                     0x000002         Data  Gb  vregs.o [4]
?w2                     0x000004         Data  Gb  vregs.o [4]
?w3                     0x000006         Data  Gb  vregs.o [4]
?w4                     0x000008         Data  Gb  vregs.o [4]
?w5                     0x00000a         Data  Gb  vregs.o [4]
?w6                     0x00000c         Data  Gb  vregs.o [4]
?w7                     0x00000e         Data  Gb  vregs.o [4]
CLK_GetClockFreq()      0x008d83   0x57  Code  Gb  stm8s_clk.o [1]
CLK_HSICmd(FunctionalState)
                        0x009705    0xd  Code  Gb  stm8s_clk.o [1]
CLK_HSIPrescalerConfig(CLK_Prescaler_TypeDef)
                        0x00968b   0x13  Code  Gb  stm8s_clk.o [1]
CSTACK$$Base            0x000200          --   Gb  - Linker created -
CSTACK$$Limit           0x000400          --   Gb  - Linker created -
Data_EEPROM::read(unsigned short)
                        0x009593   0x16  Code  Gb  Bico_STM8_Eeprom.o [1]
Data_EEPROM::write(unsigned short, unsigned char)
                        0x009627   0x14  Code  Gb  Bico_STM8_Eeprom.o [1]
EEPROM                  0x00007f    0x1  Data  Gb  Bico_STM8_Eeprom.o [1]
EXIT_C7                 0x000078    0x2  Data  Gb  Bico_STM8_Exti.o [1]
EXIT_D1                 0x00007a    0x2  Data  Gb  Bico_STM8_Exti.o [1]
EXIT_PORTC_ISR()        0x00947b   0x20  Code  Gb  Bico_STM8_Exti.o [1]
EXIT_PORTD_ISR()        0x00949b   0x20  Code  Gb  Bico_STM8_Exti.o [1]
EXTI_SetExtIntSensitivity(EXTI_Port_TypeDef, EXTI_Sensitivity_TypeDef)
                        0x008be7   0x71  Code  Gb  stm8s_exti.o [1]
FLASH_ProgramByte(unsigned long, unsigned char)
                        0x009782    0x4  Code  Gb  stm8s_flash.o [1]
FLASH_ReadByte(unsigned long)
                        0x009786    0x4  Code  Gb  stm8s_flash.o [1]
FLASH_Unlock(FLASH_MemType_TypeDef)
                        0x0095bf   0x16  Code  Gb  stm8s_flash.o [1]
GPIO_Init(GPIO_struct __near *, GPIO_Pin_TypeDef, GPIO_Mode_TypeDef)
                        0x008b59   0x8e  Code  Gb  stm8s_gpio.o [1]
GPIO_ReadInputPin(GPIO_struct __near *, GPIO_Pin_TypeDef)
                        0x009767    0x7  Code  Gb  stm8s_gpio.o [1]
GPIO_WriteHigh(GPIO_struct __near *, GPIO_Pin_TypeDef)
                        0x009760    0x7  Code  Gb  stm8s_gpio.o [1]
GPIO_WriteLow(GPIO_struct __near *, GPIO_Pin_TypeDef)
                        0x00978a    0x4  Code  Gb  stm8s_gpio.o [1]
HSIDivFactor            0x00977e    0x4  Data  Lc  stm8s_clk.o [1]
HardwareSerial::available()
                        0x0095d5   0x15  Code  Gb  Bico_STM8_Serial.o [1]
HardwareSerial::begin(unsigned long)
                        0x009261   0x2c  Code  Gb  Bico_STM8_Serial.o [1]
HardwareSerial::isr(char)
                        0x0092b9   0x2b  Code  Gb  Bico_STM8_Serial.o [1]
HardwareSerial::print(char const __near *)
                        0x0086a1   0x32  Code  Gb  Bico_STM8_Serial.o [1]
HardwareSerial::print(char)
                        0x008797    0x3  Code  Gb  Bico_STM8_Serial.o [1]
HardwareSerial::print(int)
                        0x0087ac    0xb  Code  Gb  Bico_STM8_Serial.o [1]
HardwareSerial::print(long)
                        0x0086fa   0x4a  Code  Gb  Bico_STM8_Serial.o [1]
HardwareSerial::println()
                        0x0086d3    0x7  Code  Gb  Bico_STM8_Serial.o [1]
HardwareSerial::println(char const __near *)
                        0x0086da   0x20  Code  Gb  Bico_STM8_Serial.o [1]
HardwareSerial::println(char)
                        0x00879a   0x12  Code  Gb  Bico_STM8_Serial.o [1]
HardwareSerial::println(long)
                        0x008744   0x53  Code  Gb  Bico_STM8_Serial.o [1]
HardwareSerial::read()  0x009050   0x3c  Code  Gb  Bico_STM8_Serial.o [1]
HardwareSerial::write(char)
                        0x008661   0x20  Code  Gb  Bico_STM8_Serial.o [1]
HardwareSerial::write(unsigned char)
                        0x008681   0x20  Code  Gb  Bico_STM8_Serial.o [1]
INTVEC$$Base            0x008000          --   Gb  - Linker created -
INTVEC$$Limit           0x008080          --   Gb  - Linker created -
L293D::L293D(unsigned char, unsigned char, unsigned char, unsigned char)
                        0x009424   0x23  Code  Gb  L293D.o [1]
L293D::begin()          0x009100   0x39  Code  Gb  L293D.o [1]
L293D::hold()           0x00919d   0x31  Code  Gb  L293D.o [1]
L293D::runBack()        0x008f08    0x4  Code  Gb  L293D.o [1]
L293D::runBack(unsigned char)
                        0x008ec3   0x45  Code  Gb  L293D.o [1]
L293D::runForward()     0x008fd0    0x4  Code  Gb  L293D.o [1]
L293D::runForward(unsigned char)
                        0x008f95   0x3b  Code  Gb  L293D.o [1]
L293D::turnLeft()       0x00900e    0x4  Code  Gb  L293D.o [1]
L293D::turnLeft(unsigned char)
                        0x008fd4   0x3a  Code  Gb  L293D.o [1]
L293D::turnRight()      0x00904c    0x4  Code  Gb  L293D.o [1]
L293D::turnRight(unsigned char)
                        0x009012   0x3a  Code  Gb  L293D.o [1]
Region$$Table$$Base     0x009469          --   Gb  - Linker created -
Region$$Table$$Limit    0x00947b          --   Gb  - Linker created -
SHT$$INIT_ARRAY$$Base   0x009796          --   Gb  - Linker created -
SHT$$INIT_ARRAY$$Limit  0x00979a          --   Gb  - Linker created -
SHT$$PREINIT_ARRAY$$Base
                        0x009796          --   Gb  - Linker created -
SHT$$PREINIT_ARRAY$$Limit
                        0x009796          --   Gb  - Linker created -
Serial                  0x000055   0x14  Data  Gb  Bico_STM8_Serial.o [1]
TIM2_Cmd(FunctionalState)
                        0x009712    0xd  Code  Gb  stm8s_tim2.o [1]
TIM2_DeInit()           0x008d2a   0x59  Code  Gb  stm8s_tim2.o [1]
TIM2_OC1Init(TIM2_OCMode_TypeDef, TIM2_OutputState_TypeDef, unsigned short, TIM2_OCPolarity_TypeDef)
                        0x0091ce   0x31  Code  Gb  stm8s_tim2.o [1]
TIM2_OC2Init(TIM2_OCMode_TypeDef, TIM2_OutputState_TypeDef, unsigned short, TIM2_OCPolarity_TypeDef)
                        0x0091ff   0x31  Code  Gb  stm8s_tim2.o [1]
TIM2_OC3Init(TIM2_OCMode_TypeDef, TIM2_OutputState_TypeDef, unsigned short, TIM2_OCPolarity_TypeDef)
                        0x009230   0x31  Code  Gb  stm8s_tim2.o [1]
TIM2_TimeBaseInit(TIM2_Prescaler_TypeDef, unsigned short)
                        0x009738    0xc  Code  Gb  stm8s_tim2.o [1]
TwoWire::TwoWire()      0x00972c    0x6  Code  Gb  Bico_STM8_Wire.o [1]
TwoWire::available()    0x00969e   0x11  Code  Gb  Bico_STM8_Wire.o [1]
TwoWire::flush()        0x0097ab    0x1  Code  Gb  Bico_STM8_Wire.o [1]
TwoWire::peek()         0x0095ea   0x15  Code  Gb  Bico_STM8_Wire.o [1]
TwoWire::read()         0x009562   0x19  Code  Gb  Bico_STM8_Wire.o [1]
TwoWire::rxBuffer       0x000015   0x20  Data  Gb  Bico_STM8_Wire.o [1]
TwoWire::rxBufferIndex  0x000080    0x1  Data  Gb  Bico_STM8_Wire.o [1]
TwoWire::rxBufferLength
                        0x000081    0x1  Data  Gb  Bico_STM8_Wire.o [1]
TwoWire::transmitting   0x000084    0x1  Data  Gb  Bico_STM8_Wire.o [1]
TwoWire::txBuffer       0x000035   0x20  Data  Gb  Bico_STM8_Wire.o [1]
TwoWire::txBufferIndex  0x000082    0x1  Data  Gb  Bico_STM8_Wire.o [1]
TwoWire::txBufferLength
                        0x000083    0x1  Data  Gb  Bico_STM8_Wire.o [1]
TwoWire::write(char __near *, unsigned short)
                        0x00908c   0x3b  Code  Gb  Bico_STM8_Wire.o [1]
TwoWire::write(char const __near *)
                        0x0090c7   0x39  Code  Gb  Bico_STM8_Wire.o [1]
TwoWire::write(int)     0x0096f8    0xd  Code  Gb  DS1307.o [1]
TwoWire::write(unsigned char __near *, unsigned char)
                        0x0095a9   0x16  Code  Gb  Bico_STM8_Wire.o [1]
TwoWire::write(unsigned char)
                        0x0093d8   0x27  Code  Gb  Bico_STM8_Wire.o [1]
UART1_ClearFlag(UART1_Flag_TypeDef)
                        0x0096ce    0xf  Code  Gb  stm8s_uart1.o [1]
UART1_Cmd(FunctionalState)
                        0x00971f    0xd  Code  Gb  stm8s_uart1.o [1]
UART1_GetFlagStatus(UART1_Flag_TypeDef)
                        0x00916b   0x32  Code  Gb  stm8s_uart1.o [1]
UART1_ISR()             0x00928d   0x2c  Code  Gb  Bico_STM8_Serial.o [1]
UART1_ITConfig(UART1_IT_TypeDef, FunctionalState)
                        0x008c58   0x6c  Code  Gb  stm8s_uart1.o [1]
UART1_Init(unsigned long, UART1_WordLength_TypeDef, UART1_StopBits_TypeDef, UART1_Parity_TypeDef, UART1_SyncMode_TypeDef, UART1_Mode_TypeDef)
                        0x0087b7  0x134  Code  Gb  stm8s_uart1.o [1]
UART1_ReceiveData8()    0x00978e    0x4  Code  Gb  stm8s_uart1.o [1]
UART1_SendData8(unsigned char)
                        0x009792    0x4  Code  Gb  stm8s_uart1.o [1]
Virtual function table for TwoWire
                        0x0095ff   0x14  Data  Gb  Bico_STM8_Wire.o [1]
Wire                    0x00007c    0x2  Data  Gb  Bico_STM8_Wire.o [1]
__DebugBreak            0x0097ac    0x1  Code  Gb  __dbg_break.o [3]
__call_ctors            0x0094f6   0x1d  Code  Gb  cppinit.o [4]
__exit                  0x009677   0x14  Code  Gb  __dbg_xxexit.o [3]
__iar_copy_init2        0x0093b0         Code  Gb  init_small.o [4]
__iar_cstart_call_ctors
                        0x0094e6         Code  Gb  cstartup.o [4]
__iar_data_init2        0x009663   0x14  Code  Gb  init.o [4]
__iar_program_start     0x0094d9         Code  Gb  cstartup.o [4]
__iar_unhandled_exception
                        0x0097a6         Code  Gb  unhandled_exception.o [4]
__iar_zero_init2        0x0094bb         Code  Gb  init_small.o [4]
__intvec                0x008000         Data  Gb  interrupt.o [4]
__low_level_init        0x0097a0    0x3  Code  Gb  low_level_init.o [4]
__sti__routine          0x009613   0x14  Code  Lc  ArduinoStyle.o [1]
__sti__routine          0x009732    0x6  Code  Lc  Bico_STM8_Wire.o [1]
_exit                   0x009774         Code  Gb  cexit.o [4]
_interrupt_20           0x00928d         Code  Gb  Bico_STM8_Serial.o [1]
_interrupt_7            0x00947b         Code  Gb  Bico_STM8_Exti.o [1]
_interrupt_8            0x00949b         Code  Gb  Bico_STM8_Exti.o [1]
address_seek            0x000076    0x2  Data  Gb  ArduinoStyle.o [1]
analogWrite(unsigned char, unsigned char)
                        0x0089ea   0xb9  Code  Gb  Bico_STM8_PWM.o [1]
attachInterrupt(EXTI_Port_TypeDef, void (*)(), unsigned char)
                        0x008cc4   0x66  Code  Gb  Bico_STM8_Exti.o [1]
bico_tim2_period        0x000013    0x2  Data  Gb  Bico_STM8_PWM.o [1]
bico_tim2_prescaler     0x000012    0x1  Data  Gb  Bico_STM8_PWM.o [1]
clkConfig()             0x00974f    0x9  Code  Gb  Bico_STM8_Generic.o [1]
decodePin(unsigned char)
                        0x008e2e   0x4c  Code  Gb  Bico_STM8_Gpio.o [1]
decodePort(unsigned char)
                        0x009139   0x32  Code  Gb  Bico_STM8_Gpio.o [1]
delay_ms(unsigned int)  0x00952f   0x1a  Code  Gb  Bico_STM8_Generic.o [1]
delay_us(unsigned int)  0x00963b   0x14  Code  Gb  Bico_STM8_Generic.o [1]
digitalPinToInterrupt(unsigned char)
                        0x00957b   0x18  Code  Gb  Bico_STM8_Exti.o [1]
digitalRead(unsigned char)
                        0x009513   0x1c  Code  Gb  Bico_STM8_Gpio.o [1]
digitalWrite(unsigned char, bool)
                        0x008e7a   0x49  Code  Gb  Bico_STM8_Gpio.o [1]
earseEEPROM()           0x00930d   0x29  Code  Gb  ArduinoStyle.o [1]
enable                  0x00007e    0x1  Data  Gb  ArduinoStyle.o [1]
enableGlobalInterrupt()
                        0x0097a9    0x2  Code  Gb  Bico_STM8_Generic.o [1]
exit                    0x0097a3    0x3  Code  Gb  exit.o [4]
getDigitInNumber(long, unsigned char)
                        0x0092e4   0x29  Code  Gb  Algebra_Math.o [1]
getNumberOfDigit(long)  0x009447   0x22  Code  Gb  Algebra_Math.o [1]
get_abs(long)           0x009758    0x8  Code  Gb  Algebra_Math.o [1]
loop()                  0x008080  0x3df  Code  Gb  ArduinoStyle.o [1]
main                    0x0096af   0x10  Code  Gb  main.o [1]
my_car                  0x000069    0x5  Data  Gb  ArduinoStyle.o [1]
orderNumber(long, unsigned char)
                        0x009388   0x28  Code  Gb  Algebra_Math.o [1]
pinMode(unsigned char, GPIO_Mode_TypeDef)
                        0x009549   0x19  Code  Gb  Bico_STM8_Gpio.o [1]
pulseCount1()           0x009336   0x29  Code  Gb  ArduinoStyle.o [1]
pulseCount2()           0x00935f   0x29  Code  Gb  ArduinoStyle.o [1]
pulse_count1            0x00006e    0x4  Data  Gb  ArduinoStyle.o [1]
pulse_count2            0x000072    0x4  Data  Gb  ArduinoStyle.o [1]
readFromEEPROM(int)     0x008dda   0x54  Code  Gb  ArduinoStyle.o [1]
running_direction       0x000011    0x1  Data  Gb  ArduinoStyle.o [1]
running_mode            0x000010    0x1  Data  Gb  ArduinoStyle.o [1]
setup()                 0x008aa3   0xb6  Code  Gb  ArduinoStyle.o [1]
writeToEEPROM(int, long)
                        0x008f53   0x42  Code  Gb  ArduinoStyle.o [1]


[1] = E:\Thay Toan vxl\Cua Bico\Xe_Phun_Thuoc\Xe_Phun_Thuoc\Debug\Obj
[2] = command line
[3] = dbgstm8smd.a
[4] = dlstm8smn.a

  5 826 bytes of readonly  code memory
    235 bytes of readonly  data memory
    645 bytes of readwrite data memory

Errors: none
Warnings: none
